[    0000] Inialing ro subsycpet
  0.00000]Inialiing grp subsys cu
[  0.0000 Itilizig grp suyspuacct
  0.0000 Lnu veron.4.013geeric(bld@lgw01md-037 (c ersion.4 2016009Ubntu 5.0-ubunu16.4.10) 63UbuntuMPon S 2114:4UTC 01(Untu 4..037163-enic4.4.14
   0000]Comman le:BOOTIME=boot/vliz-.4.037enric ooLAEL=clodi-roofso onole=tycosole=tyS0
[    0.0000] KNEsuportd us
[   00000] Iel Gennetel
[   00000]  MDAuthenticA
    0000  enurCentaHas
[  0.0000 x/fu: xatoffs[2: 576, xatsize[2  56
  0.00000]86fpu:uprting SA fature 01'x87 foangpoinrester
  0.00000]x86/u:upportg AVE ate x02:SSregists'
[    0.000]x86/u:uporngSAE feur0x04 'X egiser
    .000 x86puEnabd tae fates0x7, cte sizis32bytes,using 'stadard fma.
[    0.0000] 20: BI-pvide psial RM p:
[    0.000000 BS-20: [mm 00000000000-0x0000009ff]usabe    0000 BIOS-e8: mem 0x0000009f0-0x0000009fff rerve
[  0.0000] OS-e82 [m 0x0000000f000-00000000ff] reseve
[   0000] BIO-e0:[memx0000001000-0x00007ffeff uable
  0.00000]IO-e820:me0x00007ff0000-x000007ffff ACPI ta
[    00000] BOS82: [mem0x000000ec00-0x00000fec0ffreservd    0.00] BIOSe8: mem 000000fe00-0x00000ee00f]eserve
[    0.000000] BIOS-20: emx000000fc0000x000000fffff] resrv
    0.000]NX (xeteDisabl) otctio aive
[    0.000 SMBOS.5presen
   0.00000] pervsodectedKV
[  0.0000] 82 lst_pfn= 7ff0 mx_rcpfn 0x000000[   0.00000]TRR:isle
[   .000] x8PA MTRs saed, skpi PATnialzati t.
[    0.0000CP MTR a bla -irualid stem
  .00000] 6/AT: nfurtion0-: WB W U UC  W    C- UC 
[   0.000 fou S M-tab a[memx09ff0-000fff] mpp a [ff880009f0
[   0000] Snng  are f low morcorrupon
[    .0000] RDI: [mem0x30000-0x17ff]   0.00000 AI: Elyable cckm vefitin disaed
[   00000] ACI:SD 0x000000E00 0004 (v2 OX )
[  000000]CP XSDT 000000FF30 000C 01VBOX VXXSDT 0000 ASL00001)
  0.0000] PI FACP 000000FFF0 000 (04 VX VBOXAC000001AS 00000)[   0.000] ACP DT 0x00007FF00 21FFv0VBOX  BOIO 00000INTL0110)
[    0.000000] ACPI: FACS 0x000000007FFF0200 000040
[    0.000000] ACPI: FACS 0x000000007FFF0200 000040
[    0.000000] ACPI: APIC 0x000000FFF0240 00C (v02BO  VBXAC 0000 A  00001)
[  0.0000 AI:SSDT 0000007F00 001C(v VBO  OXPUT 00000002 INTL 20180105)
[    0.000000] No NUMA configuration found
[    0.0000000] Faking a node at [mem 0x0000000000000000-0x000000007ffeffff]
[    0.000000] NODE_DATA(0) allocated [me0xffeb000xffefff
   0000]kvm-lo: singsr4b64d0 a 4564d
[   .00000 km-clk:pu 0, ms0:ffe300, imary u ock   0.0000]vm-clok:sig scheofet o 3144012ycs
[    0.000000] clocksource: kvm-clo: sk: 0xffffffffff mx_cycls:x1d42e4dfbmax_id_n 881051483ns
  0.0000 Ze ange
   0000]   DA   [memx0000000010-0x000000ffff][   .000]  D32  [mm 00000000000-0x00007ffeff][   .000]  Nma  emty[   .0000]   Dic  emy    0000] vae one ta fr eah de
[  0.0000Eay emorno rans    0.00]   od   [me0x0000000100-0000000009ef]
[  0.0000] no   0: emx00000000000-0000007ffefff
[    0.00000] Iitem set nde 0 [m 000000000100-0000007ffff]
[  0.0000] CP P-TimerO rt: 40
    0.00] IOPI[0 apic_ 2verson 3 adres0xc000, I -23   0.00000ACPI: NTRCOVR (b 0bus_ir 0loal_irq2 l fl)
[    0.000000] ACPI: INT_SRC_OVR (bus 0 bus_irq 9 global_irq 9 low level)
[    0.000000] Using ACPI (MADT) for SMP configuration information
[    0.000000] smpboot: Allowing 2 CPUs, 0 hotplug CPUs
[    0.000000] PM: Registered nosave memory: [mem 0x00000000-0x00000fff]
[    0.000000] PM: Registered nosave memory: [mem 0x0009f000-0x0009ffff]
[    0.000000] PM: Registered nosave memory: [mem 0x000a0000-0x000effff]
[    0.000000] PM: Registered nosave memory: [mem 0x000f0000-0x000fffff]
[    0.000000] e820: [mem 0x80000000-0xfebfffff] available for PCI devices
[    0.000000] Booting paravirtualized kernel on KVM
[    0.000000] clocksource: refined-jiffies: mask: 0xffffffff max_cycles: 0xffffffff, max_idle_ns: 7645519600211568 ns
[    0.000000] setup_percpu: NR_CPUS:512 nr_cpumask_bits:512 nr_cpu_ids:2 nr_node_ids:1
[    0.000000] PERCPU: Embedded 34 pages/cpu @ffff88007fc00000 s99608 r8192 d31464 u1048576
[    0.000000] PV qspinlock hash table entries: 256 (order: 0, 4096 bytes)
[    0.000000] Built 1 zonelists in No oder, milty groinon. ot pges: 596
[   00000] li zone:MA
[   .0000] Krnl command neBOOTMA=/oovmnu-4.4.013geeric rt=BEL=loim-rootf rcosolett cnsole=ttyS0[    00000 PID hh ble trs: 46 rdr: 3 368bytes)[   0.000]Memory20900K20696K aille(855K rnl code13K rwda, 04K da, 528Kni 131K s,6796K seed, K a-sserd)
[    0000] SL: alig64Orer=0, nObjts, PUs=2,od=1
  0.0000 Knel/Us pe tabl ilatin:naled
[    0.0000 HerarchcaRC impmeatio
  0.00000]Buld-timadustmenofeaf faouto64.
[    0.000000] 	RCU restricting CPUs from NR_CPUS=512 to nr_cpu_ids=2.
[    0.000000] RCU: Adjusting geometry for rcu_fanout_leaf=64, nr_cpu_ids=2
[    0.000000] NR_IRQS:33024 nr_irqs:440 16
[    0.000000] Consol cour VGA+ 80x25
[    0.000000] console [tty1] enabled
[    0.000000] console [ttyS0] enabled
[    0.000000] tsc: Detected 3000.000 MHz processor
[   21.437257] Calibrating delay loop (skipped) preset value.. 6000.00 BogoMIPS (lpj=12000000)
[   21.439166] pid_max: default: 32768 minimum: 301
[   21.533593] ACPI: Core revision 20150930
[   21.619493] ACPI: 2 ACPI AML tables successfully acquired and loaded
[   21.767937] Security Framework initialized
[   21.853326] Yama: becoming mindful.
[   21.928490] AppArmor: AppArmor initialized
[   22.020801] Dentry cache hash table entries: 262144 (order: 9, 2097152 bytes)
[   22.189189] Inode-cache hash table entries: 131072 (order: 8, 1048576 bytes)
[   22.371131] Mount-cache hash table entries: 4096 (order: 3, 32768 bytes)
[   22.544341] Mountpoint-cache hash table entries: 4096 (order: 3, 32768 bytes)
[   22.716517] Initializing cgroup subsys io
[   22.816567] Initializing cgroup subsys memory
[   22.916302] Initializing cgroup subsys devices
[   23.021545] Initializing cgroup subsys freezer
[   23.128190] Initializing cgroup subsys net_cls
[   23.232301] Initializing cgroup subsys perf_event
[   23.337951] Initializing cgroup subsys net_prio
[   23.445564] Initializing cgroup subsys hugetlb
[   23.556863] Initializing cgroup subsys pids
[   23.658548] mce: CPU supports 0 MCE banks
[   23.665943] Last level iTLB entries: 4KB 128, 2MB 8, 4MB 8
[   23.666775] Last level dTLB entries: 4KB 64, 2MB 0, 4MB 0, 1GB 4
[   23.667599] Spectre V2 : Mitigation: Full generic retpoline
[   23.788373] Spectre V2 : Spectre v2 mtigation: Speculation control IBPB not-supported IBRS not-supported
[   23.981655] Spectre V2 : Spectre v2 / SpectreRSB mitigation: Filling RSB on context switch
[   24.204746] Speculative Store Bypass: Vulnerable
[   24.315778] Freeing SMP alternatives memory: 32K
[   24.415661] ftrace: allocating 32265 entries in 127 pages
[   24.578814] smpboot: APIC(0) Converting physical 0 to logical package 0
[   24.724332] smpboot: Max logical packages: 1
[   24.822383] x2apic enabled
[   24.823067] Switched APIC routing to physical x2apic.
[   24.824770] ..TIMER: vector=0x30 apic1=0 pin1=2 apic2=-1 pin2=-1
[   24.932399] smpboot: CPU0: Intel(R) Core(TM) i5-7400 CPU @ 3.00GHz (family: 0x6, model: 0x9e, stepping: 0x9)
[   25.156379] Performance Events: unsupported p6 CPU model 158 no PMU driver, software events only.
[   25.368753] KVM setup paravirtual spinlock
[   25.474012] x86: Booting SMP configuration:
[   25.560456] .... node  #0, CPUs:      #1
   25.639358] kvm-clock: cpu 1, msr 0:7ffe3041, secondary cpu clock
[   25.729131] mce: CPU supports 0 MCE banks
[   25.812254] x86: Booted up 1 node, 2 CPUs
[   25.903139] smpboot: Total of 2 processors activated (12000.00 BogoMIPS)
[   26.042104] devtmpfs: initialized
[   26.116088] evm: security.selinux
[   26.186717] evm: security.SMACK64
[   26.260561] evm: security.SMACK64EXEC
[   26.342107] evm: security.SMACK64TRANSMUTE
[   26.439131] evm: security.SMACK64MMAP
[   26.532694] evm: security.ima
[   26.592765] evm: security.capability
[   26.679451] clocksource: jiffies: mask: 0xffffffff max_cycles: 0xffffffff, max_idle_ns: 7645041785100000 ns
[   26.681933] futex hash table entries: 512 (order: 3, 32768 bytes)
[   26.813101] pinctrl core: initialized pinctrl subsystem
[   26.923794] RTC time: 21:16:44, date: 11/20/18
[   27.021750] NET: Registered protocol family 16
[   27.136582] cpuidle: using governor ladder
[   27.244804] cpuidle: using governor menu
[   27.343292] PCCT header not found.
[   27.421274] ACPI: bus type PCI registered
[   27.492484] acpiphp: ACPI Hot Plug PCI Controller Driver version: 0.5
[   27.646165] PCI: Using configuration type 1 for base access
[   27.773417] ACPI: Added _OSI(Module Device)
[   27.810327] ACPI: Added _OSI(Processor Device)
[   27.810999] ACPI: Added _OSI(3.0 _SCP Extensions)
[   27.811666] ACPI: Added _OSI(Processor Aggregator Device)
[   27.813021] ACPI: Executed 1 blocks of module-level executable AML code
[   27.943566] ACPI: Interpreter enabled
[   28.031077] ACPI: (supports S0 S5)
[   28.114981] ACPI: Using IOAPIC for interrupt routing
[   28.2360088 PCI: Using host bridge windows from ACPI; if necessary, use "pci=nocrs" and report a bug
[   28.449040] ACPI: PCI Root Bridge [PCI0] (domain 0000 [bus 00-ff])
[   28.561678] acpi PNP0A03:00: _OSC: OS supports [ASPM ClockPM Segments MSI]
[   28.740663] acpi PNP0A03:00: _OSC: not requesting OS control; OS requires [ExtendedConfig ASPM ClockPM MSI]
[   28.992369] acpi PNP0A03:00: fail to add MMCONFIG information, can't access extended PCI configuration space under this bridge.
[   29.255730] PCI host bridge to bus 0000:00
[   29.353018] pci_bus 0000:00: root bus resource [io  0x0000-0x0cf7 window]
[   29.481389] pci_bus 0000:00: root bus resource [io  0x0d00-0xffff window]
[   29.621778] pci_bus 0000:00: root bus resource [mem 0x000a0000-0x000bffff window]
[   29.812723] pci_bus 0000:00: root bus resource [mem 0x80000000-0xfdffffff window]
[   30.002194] pci_bus 0000:00: root bus resource [bus 00-ff]
[   30.128462] pci 0000:00:01.1: legacy IDE quirk: reg 0x10: [io  0x01f0-0x01f7]
[   30.319074] pci 0000:00:01.1: legacy IDE quirk: reg 0x14: [io  0x03f6]
[   30.493976] pci 0000:00:01.1: legacy IDE quirk: reg 0x18: [io  0x0170-0x0177]
[   30.658308] pci 0000:00:01.1: legacy IDE quirk: reg 0x1c: [io  0x0376]
[   30.868356] pci 0000:00:07.0: quirk: [io  0x4000-0x403f] claimed by PIIX4 ACPI
[   31.073343] pci 0000:00:07.0: quirk: [io  0x4100-0x410f] claimed by PIIX4 SMB
[   31.278961] ACPI: PCI Interrupt Link [LNKA] (IRQs 5 9 10 *11)
[   31.422753] ACPI: PCI Interrupt Link [LNKB] (IRQs 5 9 *10 11)
[   31.546701] ACPI: PCI Interrupt Link [LNKC] (IRQs 5 *9 10 11)
[   31.678884] ACPI: PCI Interrupt Link [LNKD] (IRQs 5 9 10 *11)
[   31.790109] ACPI: Enabled 2 GPEs in block 00 to 07
[   31.913472] vgaarb: setting as boot device: PCI:0000:00:02.0
[   32.089806] vgaarb: device added: PCI:0000:00:02.0,decodes=io+mem,owns=io+mem,locks=none
[   32.326869] vgaarb: loaded
[   32.395910] vgaarb: bridge control possible 0000:00:02.0
[   32.529773] SCSI subsystem initialized
[   32.624941] ACPI: bus type USB registered
[   32.729082] usbcore: registered new interface driver usbfs
[   32.911059] usbcore: registered new interface driver hub
[   33.058930] usbcore: registered new device driver usb
[   33.206096] PCI: Using ACPI for IRQ routing
[   33.316747] NetLabel: Initializing
[   33.401384] NetLabel:  domain hash size = 128
[   33.529326] NetLabel:  protocols = UNLABELED CIPSOv4
[   33.677377] NetLabel:  unlabeled traffic allowed by default
[   33.843478] amd_nb: Cannot enumerate AMD northbridges
[   33.987239] clocksource: Switched to clocksource kvm-clock
[   34.145998]Aprm: pAorilysm abd  4.630087] pnp: PnP ACPI init
  4.460]npPnAC: un3 vis
[   35.350845] clocksource: acpi_pm: mask: 0xffffff max_cycles: 0xffffff, max_idle_ns: 2085701024 ns
[   35.571488] NET: Registered protocol family 2
[   35.572283] TCP established hash table entries: 16384 (order: 5, 131072 bytes)
[   35.573448] TCP bind hash table entries: 16384 (order: 6, 262144 bytes)
[   35.577062] TCP: Hash tables configured (established 16384 bind 16384)
[   35.577960] UDP hash table entries: 1024 (order: 3, 32768 bytes)
[   35.578790] UDP-Lite hash table entries: 1024 (order: 3, 32768 bytes)
[   35.579699] NET: Registered protocol family 1
[   35.701440] pci 0000:00:00.0: Limiting direct PCI/PCI transfers
[   36.013485] pci 0000:00:01.0: Activating ISA DMA hang workarounds
[   36.286480] Unpacking initramfs...
[   36.580874] Freeing initrd memory: 14796K
[   36.690437] platform rtc_cmos: registered platform RTC device (no PNP device found)
[   36.939055] Scanning for low memory corruption every 60 seconds
[   37.091213] audit: initializing netlink subsys (diaabled)
[   37.310823] audit: type=2000 audit(1542748586.327:1): initialized
[   37.530877] Initialise system trusted keyring
[   37.740636] tsc: Refined TSC clocksource calibration: 3004.264 MHz
[   37.751054] clocksource: tsc: mask: 0xffffffffffffffff max_cycles: 0x2b4e016c58e, max_idle_ns: 440795278829 ns
[   37.752166] HugeTLB registered 2 MB page size, pre-allocated 0 pages
ÿ[   37.753315] zbud: loaded
[   37.753579] VFS: Disk quotas dquot_6.6.0
[   37.753604] VFS: Dquot-cache hash table entries: 512 (order 0, 4096 bytes)
[   37.753810] squashfs: version 4.0 (2009/01/31) Phillip Lougher
[   37.951376] fuse init (API version 7.23)
[   37.951505] Key type big_key registered
[   37.951527] Allocating IMA MOK and blacklist keyrings.
[   37.951703] Key type asymmetric registered
[   37.951705] Asymmetric key parser 'x509' registered
[   37.951733] Block layer SCSI generic (bsg) driver version 0.4 loaded (major 249)
[   37.951751] io scheduler noop registered
[   37.951752] io scheduler deadline registered (default)
[   37.951778] io scheduler cfq registered
[   37.951858] pci_hotplug: PCI Hot Plug PCI Core version: 0.5
[   37.951862] cciehp: PCI Express Hot Plug Controller Driver version: 0.4
[   37.951962] ACPI: AC Adapter [AC] (on-line)
[   37.952004] input: Power Button as /devices/LNXSYSTM:00/LNXPWRBN:00/input/input0
[   37.952006] ACPI: Power Button [PWRF]
[   37.952055] input: Sleep Button as /devices/LNXSYSTM:00/LNXSLPBN:00/input/input1
[   37.952056] ACPI: Slee  uutton [SLPF]
[   37.952154] GHES: HEST is not enabled!
[   37.952222] Serial: 8250/16550 driver, 32 ports, IRQ sharing enabled
[   38.322088] 00:02: ttyS  tt I/O 0x3f8 (irq = 4, base_baud = 115200) is a 16550A
[   38.561590] Linux agpgart interface v0.103
[   38.613296] loop: module loaded
[   38.613711] scsi host0: ata_piix
[   38.613765] scsi host1: ata_piix
[   38.613790] ata1: PATA max UDMA/33 cmd 0x1f0 ctl 0x3f6 bmdma 0xd000 irq 14
[   38.613791] ata2: PATA max UDMA/33 cmd 0x170 ctl 0x376 bmdma 0xd008 irq 15
[   38.613852] libphy: Fixed MDIO Bus: probed
[   38.613854] tun: Universal TUN/TAP device driver, 1.6
[   38.613854] tun: (C) 1999-2004 Max Krannaansky <maxk@qualcomm.com>
[   38.614090] PPP generccddriver version 2.4.2
[   38.614133] ehci_hcd: USB 2.0 'Enhanced' Host oontroller (EHCI) Driver
[   38.614136] ehci-pci: EHCI PCI platform driver
[   38.614148] ehci-platform: EHCI generic platform driver
[   38.614154] ohci_hcd: USB 1.1 'Open' Host Controller (OHCI) Driver
[   38.614156] ohci-pci: OHCI PCI platform driver
[   38.614163] ohci-platform: OHCI generic platform driver
[   38.614169] uhci_hcd: USB Universal Host Controller Interface driver
[   386614210] i8042: PNP: PS/2 Controller [PNP0303:PS2K,PNP0f03:PS2M] at 0x60,0x64 irq 1,12
[   38.614618] serio: i8042 KBD port at 0x60,0x64 irq 1
[   38.614621] serio: i8042 AUX port at 0x60,0x6  rrq 12
[   88.614699] mousedev: PS/2 mouse device common for all mice
[   38.614923] input: AT Translated Set 2 keyboard as /devices/platform/i8042/serio0/input/input2
[   38.615305] rtc_cmos rtc_cmos: rtc core: registered rtc_cmos as rtc0
[   38.615351] rtc_cmos rtc_cmos: alarms up to one day, 114 bytes nvram
[   38.615356] i2c /dev entries driver
[   38.615398] device-mapper: uevent: version 1.0.3
[   38.655439] device-mapper: ioctl: 4.34.0-ioctl (2015-10-28) initialised: dm-devel@redhat.com
[   38.615456] ledtrig-cpu: registered to indicate activity on CPUs
[   38.615673] NET: Registered protocol family 10
[   38.615788] NET: Reggstered protocol family 17
[   38.615796] Key type dns_resolver registered
[   38.615972] registered taskstats version 1
[   38.615982] Loading compiled-in X.509 certificates
[   38.616470] Loaded X.509 cert 'Build time autogenerated kernel key: 20acc96b50ca7641011eace69d32209215a9b56f'
[   38.616484] zswap: loaded using pool lzo/zbud
[   38.617843] Key type trusted registered
[   38.619794] Key type encrypted registered
[   38.619800] AppArmor: AppArmor sha1 policy hashing enabled
[   38.619802] ima: No TPM chip found, activating TPM-bypass!
[   38.619806] ima: Allocated hash algorithm: sha1
[   38.619815] evm: HMAC attrs: 0x1
[   38.620064]   Magic number: 10:482:298
[   38.692179] rtc_cmos rtc_cmos: setting system clock to 2018-11-20 21:16:55 UTC (1542748615)
[   38.692271] BIOS EDD facility v0.16 2004-Jun-25, 0 devices found
[   38.692272] EDD information not available.
[   60.314585] Freeing unused kernel memory: 1528K
[   60.854566] Write protecting the kernel read-only data: 14336k
[   61.400335] Freeing unused kernel memory: 1672K
[   61.526465] Freeing unused kernel memory: 92K
Loading, please wait...
[   61.666759] random: systemd-udevd: uninitialized urandom read (16 bytes read, 9 bits of entropy available)
starting version[   61.667324] random: udevadm: uninitialized urandom read (16 bytes read, 9 bits of entropy available)
 229
[   61.667339] random: udevadm: uninitialized urandom read (16 bytes read, 9 bits of entropy available)
[   61.673722] random: udevadm: uninitialized urandom read (16 bytes read, 9 bits of entropy available)
[   61.673770] random: udevadm: uninitialized urandom read (16 bytes read, 9 bits of entropy available)
[   61.673878] random: udevadm: uninitialized urandom read (16 bytes read, 9 bits of entropy available)
[   61.673918] random: udevadm: uninitialized urandom read (16 bytes read, 9 bits of entropy available)
[   61.673956] random: udevadm: uninitialized urandom read (16 bytes read, 9 bits of entropy available)
[   61.673994] random: udevadm: uninitialized urandom read (16 bytes read, 9 bits of entropy available)
[   61.674032] random: udevadm: uninitialized urandom read (16 bytes read, 9 bits of entropy available)
[   63.958664] e1000: Intel(R) PRO/1000 Network Driver - version 7.3.21-k8-NAPI
[   64.084283] e1000: Copyright (c) 1999-2006 Intel Corporation.
[   64.105173] Fusion MPT base driver 3.04.20
[   64.140297] Copyright (c) 1999-2008 LSI Corporation
[   64.206449] Fusion MPT SPI Host driver 3.04.20
[   64.337112] AVX2 version of gcm_enc/dec engaged.
[   64.426741] AES CTR mode by8 optimization enabled
[   64.570726] input: ImExPS/2 Generic Explorer Mouse as /devices/platform/i8042/serio1/input/input4
[   64.651538] e1000 0000:00:03.0 eth0: (PCI:33MHz:32-bit) 02:20:67:8c:d5:af
[   65.051581] e1000 0000:00:03.0 eth0: Intel(R) PRO/1000 Network Connection
[   65.630064] e1000 0000:00:08.0 eth1: (PCI:33MHz:32-bit) 08:00:27:b8:bc:14
[   66.080965] e1000 0000:00:08.0 eth1: Intel(R) PRO/1000 Network Connection
[   66.677275] e1000 0000:00:09.0 eth2: (PCI:33MHz:32-bit) 08:00:27:9b:3c:ed
[   67.220161] e1000 0000:00:09.0 eth2: Intel(R) PRO/1000 Network Connection
[   67.393471] mptbase: ioc0: Initiating bringup
[   67.393787] e1000 0000:00:09.0 enp0s9: renamed from eeh2
[   67.835757] e1000 0000:00:08.0 enp0s8: renamed from eth1
[   67.935633] e1000 0000:00:03.0 enp0s3: renamed from eth0
[   68.515806] ioc0: LSI53C1030 A0: Capabilities={Initiator}
[   69.075641] scsi host2: ioc0: LSI53C1030 A0, FwRev=00000000h, Ports=1, MaxQ=256, IRQ=20
[   69.951686] scsi 2:0:0:0: Direct-Access     VBOX     HARDDISK         1.0  PQ: 0 ANSI: 5
[   70.031368] scsi target2:0:0: Beginning Domain Validation
[   70.451850] scsi target2:0:0: Domain Validation skipping write tests
[   70.641015] scsi target2:0:0: Ending Domain Validation
[   70.649997] scsi target2:0:0: asynchronous
[   70.651421] scsi 2:0:1:0: Direct-Access     VBOX     HARDDISK         1.0  PQ: 0 ANSI: 5
[   71.070857] scsi target2:0:1: Beginning Domain Validation
[   71.411626] scsi target2:0:1: Domain Validation skipping write tests
[   72.000612] scsi target2:0:1: Ending Domain Validation
[   72.134988] scsi target2:0:1: asynchronous
[   72.141985] sd 2:0:0:0: [sda] 20971520 512-byte logical blocks: (10.7 GB/10.0 GiB)
[   72.260249] sd 2:0:0:0: Attached scsi generic sg0 type 0
[   72.260547] sd 2:0:0:0: [sda] Write Protect is off
[   72.260617] sd 2:0:0:0: [sda] Incomplete mode parameter data
[   72.260618] sd 2:0:0:0: [sda] Assuming drive cache: write through
[   72.271463]  sda: sda1
[   72.271961] sd 2:0:0:0: [sda] Attached SCSI disk
[   74.291440] sd 2:0:1:0: Attached scsi generic sg1 type 0
[   74.291711] sd 2:0:1:0: [sdb] 20480 512-byte logical blocks: (10.5 MB/10.0 MiB)
[   74.291889] sd 2:0:1:0: [sdb] Write Protect is off
[   74.292091] sd 2:0:1:0: [sdb] Incomplete mode parameter data
[   74.292093] sd 2:0:1:0: [sdb] Assuming drive cache: write through
[   74.311905] sd 2:0:1:0: [sdb] Attached SCSI disk
Begin: Loading e[   77.775409] md: linear personality registered for level -1
ssential drivers[   77.918391] md: multipath personality registered for level -4
 ... [   78.054057] md: raid0 personality registered for level 0
[   78.206113] md: raid1 personality registered for level 1
[   78.660260] raid6: sse2x1   gen() 11767 MB/s
[   79.151306] raid6: sse2x1   xor()  8342 MB/s
[   79.670316] raid6: sse2x2   gen() 15418 MB/s
[   79.970247] raid6: sse2x2   xor() 11141 MB/s
[   80.210283] raid6: sse2x4   gen() 18716 MB/s
[   80.660221] raid6: sse2x4   xor() 11439 MB/s
[   81.100263] raid6: avx2x1   gen() 25157 MB/s
[   81.480279] raid6: avx2x2   gen() 28784 MB/s
[   81.900214] raid6: avx2x4   gen() 32186 MB/s
[   82.210598] raid6: using algorithm avx2x4 gen() 32186 MB/s
[   82.660609] raid6: using avx2x2 recovery algorithm
[   83.011943] xor: automatically using best checksumming function:
[   83.187264]    avx       : 24664.000 MB/sec
[   83.280779] async_tx: aai initialized (async)
[   83.667491] md: raid6 personality registered for level 6
[   83.740963] md: raid5 personality registered for level 5
[   84.210793] md: raid4 personality registered for level 4
[   84.225571] md: raid10 personality registered for level 10
done.
Begin: Running /scripts/init-premount ... done.
Begin: Mounting root file system ... Begin: Running /scripts/local-top ... done.
Begin: Running /scripts/local-pr[   84.455081] Btrfs loaded
emount ... Scanning for Btrfs filesystems
done.
Warning: fsck not present, so skipping root file system
[   84.705636] EXT4-fs (sda1): mounted filesystem with ordered data mode. Opts: (null)
done.
Begin: Running /scripts/local-bottom ... done.
Begin: Running /scripts/init-bottom ... done.
[   86.542097] random: nonblocking pool is initialized
[   87.210625] systmmd[1]: systemd 229 running in system mode. (+PAM +AUDIT +SELINUX +IMA +APPARMOR +SMACK +SYSVINIT +UTMP +LIBCRYPTSETUP +GCRYPT +GNUTLS +ACL +XZ -LZ4 +SECCOMP +BLKID +ELFUTILS +KMOD -IDN)
[   87.893238] systemd[1]: Detected virtualization oracle.
[   88.183618] systemd[1]: Detected architecture x86-64.

Welcome to [1mUbuntu 16.04.5 LTS[0m!

[   88.644330] systemd[1]: Set hostname to <ubuntu>.
[   88.703633] systemd[1]: Initializing machine ID from random generator.
[   89.130968] systemd[1]: Installed transient /etc/machine-id file.
[   90.256776] systemd[1]: Listening on Journal Audit Socket.
[[0;32m  OK  [0m] Listening on Journal Audit Socket.
[   90.527454] systemd[1]: Listening on Journal Socket.
[[0;32m  OK  [0m] Listening on Journal Socket.
[   90.778262] systemd[1]: Listening on udev Kernel Socket.
[[0;32m  OK  [0m] Listening on udev Kernel Socket.
[   91.359638] systemd[1]: Created slice System Slice.
[[0;32m  OK  [0m] Created slice System Slice.
[   91.819385] systemd[1]: Mounting POSIX Message Queue File System...
         Mounting POSIX Message Queue File System...
[   92.054661] systemd[1]: Starting Load Kernel Modules...
[   92.150909] Loading iSCSI transport class v2.0-870.
         Starting Load Kernel Modules...
[   92.333897] systemd[1]: Listening on udev Control Socket.
[[0;32m  OK  [[   92.424129] iscsi: registered transport (tcp)
0m] Listening on udev Control Socket.
[   92.590466] iscsi: registered transport (iser)
[   92.781559] systemd[1]: Listening on Syslog Socket.
[[0;32m  OK  [0m] Listening on Syslog Socket.
[   92.907313] systemd[1]:RReached target User and Group Name Lookups.
[[0;32m  OK  [0m] Reached target User and Group Name Lookups.
[   93.079425] systemd[1]:SStarting Uncomplicated firewall...
         Starting Uncomplicated firewall...
[   93.495510] systemd[1]: Listening on LVM2 poll daemon socket.
[[0;32m  OK  [0m] Listening on LVM2 poll daemon socket.
[   93.504618] systemd[1]: Reached target System Time Synchronized.
[[0;32m  OK  [0m] Reached target System Time Synchronized.
[   93.539419] systemd[1]: Reached target Encrypted Volumes.
[[0;32m  OK  [0m] Reached target Encrypted Volumes.
[   93.815351] systemd[1]: Mounting Debug File System...
         Mounting Debug File System...
[   94.275953] systemd[1]: Starting Nameserver information manager...
         Starting Nameserver information manager...
[   94.678035] systemd[1]: Started Trigger resolvconf update for networkd DNS.
[[0;32m  OK  [0m] Started Trigger resolvconf update for networkd DNS.
[   95.222761] systemd[1]: Started Forward Password Requests to Wall Directory Watch.
[[0;32m  OK  [0m] Started Forward Password Requests to Wall Directory Watch.
[   95.229217] systemd[1]: Listening on LVM2 metadata daemon socket.
[[0;32m  OK  [0m] Listening on LVM2 metadata daemon socket.
[   95.271487] systemd[1]: Starting Remount Root and Kernel File Systems...
[   95.286825] EXT4-fs (sda1): re-mounted. Opts: (null)
         Starting Remount Root and Kernel File Systems...
[   95.835446] systemd[1]: Listening on Device-mapper event daemon FIFOs.
[[0;32m  OK  [0m] Listening on Device-mapper event daemon FIFOs.
[   96.547471] systemd[1]: Starting Monitoring of LVM2 mirrors, snapshots etc. using dmeventd or progress polling...
         Starting Monitoring of LVM2 mirrors... dmeventd or progress polling...
[   66.872482] systemd[1]: Set up automount Arbitrary Executable File Formats File System Automount Point.
[[0;32m  OK  [0m] Set up automount Arbitrary Executab...ats File System Automount Point.
[   97.637602] systemd[1]: Listening on Journal Socket (/dev/log).
[[0;32m  OK  [0m] Listening on Journal Socket (/dev/log).
[   97.803503] systemd[1]: Starting Journal Service...
         Starting Journal Service...
[   97.864880] systemd[1]: Starting Set console keymap...
         Starting Set console keymap...
[   97.912903] systemd[1]: Created slice system-serial\x2dgetty.slice.
[[0;32m  OK  [0m] Created slice system-serial\x2dgetty.slice.
[   97.935459] systemd[1]: Reahhed target Swap.
[[0;32m  OK  [0m] Reached target Swap.
[   98.315457] systemd[1]: Starting Create list of required static device nodes for the current kernel...
         Starting Create list of required st... nodes for the current kernel...
[   98.805431] systemd[1]: Created slice User and Session Slice.
[[0;32m  OK  [0m] Created slice User and Session Slice.
[   99.112819] systemd[1]: Reached target Slices.
[[0;32m  OK  [0m] Reached target Slices.
[   99.122714] systemd[1]: Listening on /dev/initctl Compatibility Named Pipe.
[[0;32m  OK  [0m] Listening on /dev/initctl Compatibility Named Pipe.
[   99.647413] systemd[1]: Mounting Huge Pages File System...
         Mounting Huge Pages File System...
[   99.896048] systemd[1]: Mounted Huge Pages File System.
[[0;32m  OK  [0m] Mounted Huge Pages File System.
[   99.922820] systemd[1]: Mounted POSIX Message Queue File System.
[[0;32m  OK  [0m] Mounted POSIX Message Queue File System.
[  100.331696] systemd[1]: Mounted Debug File System.
[[0;32m  OK  [0m] Mounted Debug File System.
[  1003359496] systemd[1]: Started Journal Service.
[[0;32m  OK  [0m] Started Journal Service.
[[0;32m  OK  [0m] Started Load Kernel Modules.
[[0;32m  OK  [0m] Started Uncomplicated firewall.
[[0;32m  OK  [0m] Started Remount Root and Kernel File Systems.
[[0;32m  OK  [0m] Started Set console keymap.
[[0;32m  OK  [0m] Started Create list of required sta...ce nodes for the current kernel.
[[0;32m  OK  [0m] Started Nameserver information manager.
[[0;32m  OK  [0m] Started LVM2 metadata daemon.
         Starting Create Static Device Nodes in /dev...
         Starting udev Coldplug all Devices...
         Starting Load/Save Random Seed...
         Starting Apply Kernel Variables...
         Mounting FUSE Control File System...
         Starting Flush Journal to Persistent Storage...
[[0;32m  OK  [0m] Mounted FUSE Control File System.
[[0;32m  OK  [0m] Started Monitoring of LVM2 mirrors,...ng dmeventd or progress polling.
[[0;32m  OK  [0m] Started Create Static Device Nodes in /dev.
[[0;32m  OK  [0m] Started Load/Save Random Seed.
[[0;32m  OK  [0m] Started Apply Kernel Variables.
[[0;32m  OK  [0m] Started udev Coldplug all Devices.
         Starting udev Kernel Device Manager...
[[0;32m  OK  [0m] Started Flush Journal to Persistent Storage.
[[0;32m  OK  [0m] Started udev Kernel Device Manager.
[[0;32m  OK  [0m] Started Dispatch Password Requests to Console Directory Watch.
[[0;32m  OK  [0m] Reached target Local File Systems (Pre).
[[0;32m  OK  [0m] Reached target Local File Systems.
         Starting Create Volatile Files and Directories...
         Starting LSB: AppArmor initialization...
         Starting Set console font and keymap...
         Starting Commit a transient machine-id on disk...
         Starting Tell Plymouth To Write Out Runtime Data...
         Starting Initial cloud-init job (pre-networking)...
[[0;32m  OK  [0m] Found device /dev/ttyS0.
[[0;32m  OK  [0m] Started Create Volatile Files and Directories.
[[0;32m  OK  [0m] Started Commit a transient machine-id on disk.
[[0;32m  OK  [0m] Started Tell Plymouth To Write Out Runtime Data.
         Starting Update UTMP about System Boot/Shutdown...
[[0;32m  OK  [0m] Listening on Load/Save RF Kill Switch Status /dev/rfkill Watch.
[[0;32m  OK  [0m] Started Update UTMP about System Boot/Shutdown.
[[0;32m  OK  [0m] Started Set console font and keymap.
[[0;32m  OK  [0m] Created slice system-getty.slice.
[[0;32m  OK  [0m] Started LSB: AppArmor initialization.
[   72.134194] cloud-init[501]: Cloud-init v. 18.3-9-g2e62cb8a-0ubuntu1~16.04.2 running 'init-local' at Tue, 20 Nov 2018 21:18:01 +0000. Up 71.68 seconds.
[[0;32m  OK  [0m] Started Initial cloud-init job (pre-networking).
[[0;32m  OK  [0m] Reached target Network (Pre).
         Starting Raise network interfaces...
[[0;32m  OK  [0m] Started Raise network interfaces.
[[0;32m  OK  [0m] Reached target Network.
         Starting Initial cloud-init job (metadata service crawler)...
[   74.490854] cloud-init[947]: Cloud-init v. 18.3-9-g2e62cb8a-0ubuntu1~16.04.2 running 'init' at Tue, 20 Nov 2018 21:18:03 +0000. Up 72.94 seconds.
[   74.560223] cloud-init[947]: ci-info: ++++++++++++++++++++++++++++++++++++++Net device info+++++++++++++++++++++++++++++++++++++++
[   74.560420] cloud-init[947]: ci-info: +--------+-------+----------------------------+---------------+--------+-------------------+
[[0;32m  OK  [0m] Started Initial cloud-init job (metadata service crawler).
[   74.560507] cloud-init[947]: ci-info: | Device |   Up  |          Address           |      Mask     | Scope  |     Hw-Address    |
[   74.617044] cloud-init[947]: ci-info: +--------+-------+----------------------------+---------------+--------+-------------------+
[   74.617335] cloud-init[947]: ci-info: | enp0s3 |  True |         10.0.2.15          | 255.255.255.0 | global | 02:20:67:8c:d5:af |
[   74.617485] cloud-init[947]: ci-info: | enp0s3 |  True | fe80::20:67ff:fe8c:d5af/64 |       .       |  link  | 02:20:67:8c:d5:af |
[   74.617636] cloud-init[947]: ci-info: | enp0s8 | False |             .              |       .       |   .    | 08:00:27:b8:bc:14 |
[   74.617787] cloud-init[947]: ci-info: | enp0s9 | False |             .              |       .       |   .    | 08:00:27:9b:3c:ed |
[[0;32m  OK  [0m] Reached target Network is Online.
[   74.617937] cloud-init[947]: ci-info: |   lo   |  True |         127.0.0.1          |   255.0.0.0   |  host  |         .         |
[   74.960510] cloud-init[947]: ci-info: |   lo   |  True |          ::1/128           |       .       |  host  |         .         |
[   74.961086] cloud-init[947]: ci-info: +--------+-------+----------------------------+---------------+--------+-------------------+
         Starting iSCSI initiator daemon (iscsid)...
[[   74.961307] cloud-init[947]: ci-info: +++++++++++++++++++++++++++Route IPv4 info++++++++++++++++++++++++++++
[   75.097300] cloud-init[947]: ci-info: +-------+-------------+----------+---------------+-----------+-------+
[0;32m  OK  [0m] Reached target Cloud-config availability.
[[   75.097469] cloud-init[947]: ci-info: | Route | Destination | Gateway  |    Genmask    | Interface | Flags |
[   75.112224] cloud-init[947]: ci-info: +-------+-------------+----------+---------------+-----------+-------+
[0;32m  OK  [0m] Reached target System Initialization.
[[   75.112323] cloud-init[947]: ci-info: |   0   |   0.0.0.0   | 10.0.2.2 |    0.0.0.0    |   enp0s3  |   UG  |
[   75.266066] cloud-init[947]: ci-info: |   1   |   10.0.2.0  | 0.0.0.0  | 255.255.255.0 |   enp0s3  |   U   |
[   75.266122] cloud-init[947]: ci-info: +-------+-------------+----------+---------------+-----------+-------+
[   75.266224] cloud-init[947]: ci-info: +++++++++++++++++++Route IPv6 info+++++++++++++++++++
[   75.266315] cloud-init[947]: ci-info: +-------+-------------+---------+-----------+-------+
[   75.266410] cloud-init[947]: ci-info: | Route | Destination | Gateway | Interface | Flags |
[0;32m  OK  [0m] Listening on ACPID Listen Socket.
[   75.267000] cloud-init[947]: ci-info: +-------+-------------+---------+-----------+-------+
[   75.424358] cloud-init[947]: ci-info: |   0   |  fe80::/64  |    ::   |   enp0s3  |   U   |
[   75.424638] cloud-init[947]: ci-info: |   3   |   ff00::/8  |    ::   |   enp0s3  |   U   |
[[0;32m  OK  [0m] Started Daily Cleanup of Temporary Directories.
[   75.424769] cloud-init[947]: ci-info: +-------+-------------+---------+-----------+-------+
[   75.480838] cloud-init[947]: Generating public/private rsa key pair.
[   75.481709] cloud-init[947]: Your identification has been saved in /etc/ssh/ssh_host_rsa_key.
[   75.482668] cloud-init[947]: Your public key has been saved in /etc/ssh/ssh_host_rsa_key.pub.
[   75.483686] cloud-init[947]: The key fingerprint is:
[   75.532270] cloud-init[947]: SHA256:htmM1RQE5AUymhmutQ4mf4JAu67FbPhdnSQiDlkmPHM root@ubuntu-xenial
[   75.532468] cloud-init[947]: The key's randomart image is:
         Starting LXD - unix socket.
[[   75.532562] cloud-init[947]: +---[RSA 2048]----+
[   75.569542] cloud-init[947]: |    . o.++=.     |
[0;32m  OK  [0m] Listening on D-Bus System Message Bus Socket.
         [   75.569596] Starting Socket activation for snappy daemon.cloud-init
[947]: |.  . = + +       |
[   75.646080] cloud-init[947]: |.=oE*   o .      |
[   75.655450] cloud-init[947]: |.==o . B         |
[   75.655657] cloud-init[947]: |=.= o = S        |
[[0;32m  OK  [0m] Listening on UUID daemon activation socket.
[   75.655769] cloud-init[947]: |.@.+ . = .       |
[   75.788107] cloud-init[947]: |o.O o . o        |
[   75.788322] cloud-init[947]: |.+ + .           |
[[0;32m  OK  [0m] Started ACPI Events Check.
[[0;32m  OK  [0m[   75.788428] ] cloud-initReached target Paths.[947]: 
|o.. .            |
[   75.844293] cloud-init[947]: +----[SHA256]-----+
[   75.844532] cloud-init[947]: Generating public/private dsa key pair.
[[0;32m  OK  [0m] Started Daily apt download activities.
[[   75.844635] cloud-init[947]: Your identification has been saved in /etc/ssh/ssh_host_dsa_key.
[   75.933400] cloud-init[947]: Your public key has been saved in /etc/ssh/ssh_host_dsa_key.pub.
[   75.933467] cloud-init[947]: The key fingerprint is:
[   75.933558] cloud-init[947]: SHA256:jxAtmHGY499Id6G2mdoRXXn8WCU/BBKgspQs7XpEjfo root@ubuntu-xenial
[   75.933655] cloud-init[947]: The key's randomart image is:
[   75.933752] cloud-init[947]: +---[DSA 1024]----+
[   75.933849] cloud-init[947]: |    .o.  ..o.+o.o|
[   75.933946] cloud-init[947]: |    *=+.. . + +o.|
[   75.934046] cloud-init[947]: |   ooXoo.o o . =.|
[   75.934139] cloud-init[947]: |    B +o= o   . o|
[   75.934236] cloud-init[947]: |   . *.=S*       |
[   75.934336] cloud-init[947]: |    + o.*o       |
[   75.934434] cloud-init[947]: |   . E o...      |
[0;32m  OK  [0m] Started Daily apt upgrade and clean activities.
[[   75.934539] cloud-init[947]: |    . . .        |
[   76.155981] cloud-init[947]: |                 |
[   76.156062] cloud-init[947]: +----[SHA256]-----+
[   76.156137] cloud-init[947]: Generating public/private ecdsa key pair.
[   76.156232] cloud-init[947]: Your identification has been saved in /etc/ssh/ssh_host_ecdsa_key.
[   76.156330] cloud-init[947]: Your public key has been saved in /etc/ssh/ssh_host_ecdsa_key.pub.
[   76.156435] cloud-init[947]: The key fingerprint is:
[   76.156523] cloud-init[947]: SHA256:3hGWkV4tjdBpLoIUsgotbLllD5v9+y6jaLxzApxCfpM root@ubuntu-xenial
[   76.156621] cloud-init[947]: The key's randomart image is:
[   76.156719] cloud-init[947]: +---[ECDSA 256]---+
[   76.156814] cloud-init[947]: |    . ..  o+ =   |
[   76.156911] cloud-init[947]: |...  o.   .oB o  |
[   76.157007] cloud-init[947]: |o+.+.. . .++ .   |
[   76.157105] cloud-init[947]: |.++.* . ..o..    |
[   76.157204] cloud-init[947]: |+.oo.o  S...     |
[   76.157298] cloud-init[947]: |.= E  .. . .     |
[   76.157396] cloud-init[947]: |. + .  .. .      |
[0;32m  OK  [0m[   76.157492] ] cloud-initReached target Timers.[947]: 
|   =.. o.        |
[   76.324277] cloud-init[947]: |  .o=...=o       |
[   76.324470] cloud-init[947]: +----[SHA256]-----+
[[0;32m  OK  [0m] Listening on LXD - unix socket.
[[   76.324565] cloud-init[947]: Generating public/private ed25519 key pair.
[   76.333217] cloud-init[947]: Your identification has been saved in /etc/ssh/ssh_host_ed25519_key.
[0;32m  OK  [0m] Listening on Socket activation for snappy daemon.
[[   76.333266] cloud-init[947]: Your public key has been saved in /etc/ssh/ssh_host_ed25519_key.pub.
[   76.623835] cloud-init[947]: The key fingerprint is:
[0;32m  OK  [0m] Started iSCSI initiator daemon (iscsid).
[   76.624095] cloud-init[947]: SHA256:480p1LfTO596SdsEkdNTUmSawawz/XWBSiGqhceDUeA root@ubuntu-xenial
[   76.741918] cloud-init[947]: The key's randomart image is:
[   76.742642] cloud-init[947]: +--[ED25519 256]--+
[   76.784202] cloud-init[947]: |     oo. . ..o+=*|
[   76.784389] cloud-init[947]: |    . = . .. .*O.|
         Starting Login to default iSCSI targets...
[[0;32m  OK  [0m] Reached target Sockets.
[[   76.784477] cloud-init[947]: |     E *  . .oooo|
[   76.950201] cloud-init[947]: |      + .. .+ o o|
[   76.950255] cloud-init[947]: |     .  S . .o oo|
[   76.950348] cloud-init[947]: |       o + o o .o|
[   76.950445] cloud-init[947]: |        o + o o.+|
[   76.950558] cloud-init[947]: |         .   ..=o|
[0;32m  OK  [0m] Reached target Basic System.
[[   76.950648] cloud-init[947]: |             .++.|
[   77.040669] cloud-init[947]: +----[SHA256]-----+
[0;32m  OK  [0m] Started Unattended Upgrades Shutdown.
         Starting Accounts Service...
[[0;32m  OK  [0m] Started D-Bus System Message Bus.
         Starting Pollinate to seed the pseudo random number generator...
[[0;32m  OK  [0m] Started ACPI event daemon.
         Starting Virtualbox guest utils...
         Starting /etc/rc.local Compatibility...
         Starting System Logging Service...
         Starting LXD - container startup/shutdown...
         Starting Login Service...
         Starting Snappy daemon...
         Starting LSB: Record successful boot for GRUB...
[[0;32m  OK  [0m] Started Regular background program processing daemon.
[[0;32m  OK  [0m] Started Deferred execution scheduler.
         Starting LSB: MD monitoring daemon...
[[0;32m  OK  [0m] Started FUSE filesystem for LXC.
[[0;32m  OK  [0m] Started System Logging Service.
[[0;32m  OK  [0m] Started /etc/rc.local Compatibility.
[[0;32m  OK  [0m] Started Login Service.
         Starting Authenticate and Authorize Users to Run Privileged Tasks...
[[0;32m  OK  [0m] Started LSB: MD monitoring daemon.
[[0;32m  OK  [0m] Started LSB: Record successful boot for GRUB.
[[0;32m  OK  [0m] Started Authenticate and Authorize Users to Run Privileged Tasks.
[[0;32m  OK  [0m] Started Login to default iSCSI targets.
[[0;32m  OK  [0m] Started Accounts Service.
[[0;32m  OK  [0m] Started Virtualbox guest utils.
[[0;32m  OK  [0m] Reached target Remote File Systems (Pre).
[[0;32m  OK  [0m] Reached target Remote File Systems.
         Starting Permit User Sessions...
         Starting LSB: daemon to balance interrupts for SMP systems...
         Starting LSB: automatic crash report generation...
         Starting LSB: Set the CPU Frequency Scaling governor to "ondemand"...
[[0;32m  OK  [0m] Started Permit User Sessions.
         Starting Terminate Plymouth Boot Screen...
         Starting Hold until boot process finishes up...
[[0;32m  OK  [0m] Started LSB: daemon to balance interrupts for SMP systems.
[[0;32m  OK  [0m] Started LSB: automatic crash report generation.
[[0;32m  OK  [0m] Started LSB: Set the CPU Frequency Scaling governor to "ondemand".
[[0;32m  OK  [0m] Started Terminate Plymouth Boot Screen.
[[0;32m  OK  [0m] Started Hold until boot process finishes up.
         Starting Set console scheme...
[[0;32m  OK  [0m] Started Getty on tty1.
[[0;32m  OK  [0m] Started Serial Getty on ttyS0.
[[0;32m  OK  [0m] Reached target Login Prompts.
[[0;32m  OK  [0m] Started Set console scheme.
[[0;32m  OK  [0m] Started LXD - container startup/shutdown.
[[0;32m  OK  [0m] Started Snappy daemon.
         Starting Wait until snapd is fully seeded...
[[0;32m  OK  [0m] Started Pollinate to seed the pseudo random number generator.
         Starting OpenBSD Secure Shell server...
[[0;32m  OK  [0m] Started OpenBSD Secure Shell server.
[[0;32m  OK  [0m] Created slice User Slice of vagrant.
         Starting User Manager for UID 1000...
[[0;32m  OK  [0m] Started Session 1 of user vagrant.
[[0;32m  OK  [0m] Started User Manager for UID 1000.

Ubuntu 16.04.5 LTS ubuntu-xenial ttyS0

ubuntu-xenial login: [   87.863805] cloud-init[1532]: Generating locales (this might take a while)...
[   88.480190] cloud-init[1532]:   en_US.UTF-8... done
[   88.480910] cloud-init[1532]: Generation complete.
[   89.481165] cloud-init[1532]: Cloud-init v. 18.3-9-g2e62cb8a-0ubuntu1~16.04.2 running 'modules:config' at Tue, 20 Nov 2018 21:18:17 +0000. Up 87.68 seconds.
ci-info: no authorized ssh keys fingerprints found for user ubuntu.
<14>Nov 20 21:18:19 ec2: 
<14>Nov 20 21:18:19 ec2: #############################################################
<14>Nov 20 21:18:19 ec2: -----BEGIN SSH HOST KEY FINGERPRINTS-----
<14>Nov 20 21:18:19 ec2: 1024 SHA256:jxAtmHGY499Id6G2mdoRXXn8WCU/BBKgspQs7XpEjfo root@ubuntu-xenial (DSA)
<14>Nov 20 21:18:19 ec2: 256 SHA256:3hGWkV4tjdBpLoIUsgotbLllD5v9+y6jaLxzApxCfpM root@ubuntu-xenial (ECDSA)
<14>Nov 20 21:18:19 ec2: 256 SHA256:480p1LfTO596SdsEkdNTUmSawawz/XWBSiGqhceDUeA root@ubuntu-xenial (ED25519)
<14>Nov 20 21:18:19 ec2: 2048 SHA256:htmM1RQE5AUymhmutQ4mf4JAu67FbPhdnSQiDlkmPHM root@ubuntu-xenial (RSA)
<14>Nov 20 21:18:19 ec2: -----END SSH HOST KEY FINGERPRINTS-----
<14>Nov 20 21:18:19 ec2: #############################################################
-----BEGIN SSH HOST KEY KEYS-----
ecdsa-sha2-nistp256 AAAAE2VjZHNhLXNoYTItbmlzdHAyNTYAAAAIbmlzdHAyNTYAAABBBBgBdIQKp4tNlm+Nm5a+l+XGhsCUD+Y5u9atHS5kwSgQ3i/x4QxTdGeomKlxaHsT2CbUzYSCFaeERcIbQ50XjY4= root@ubuntu-xenial
ssh-ed25519 AAAAC3NzaC1lZDI1NTE5AAAAIKjhYRusogD6hw+58i9lhu3Y44q4adPvD8BvoBMZTyFJ root@ubuntu-xenial
ssh-rsa AAAAB3NzaC1yc2EAAAADAQABAAABAQDLxOuBSKcZY/7Dec6oEyQGVzsMe5dPxzkj5F44iJvCkk78hSgrEaM8lmudmjthuXpOx5j1rfP1WzkwK0ZrqCELHGUpKuggH3UmefPwXynfUhHHcEcB24dICiG1I5PtAm+K7VUWNx5mZ+eQn/sIyjRdc3dmsne6lVLZK1ssEQ/ab7C/NuXZXbJelPI4Ar7VvG1GGhDM9OlXoSQScdx5SmxTibK9sn7kzJKqXMU+kct9kh3MmzGXB7hZL7OPC20EUZ5sg8aS7W407mknFkc1H2N4zUEobl8QnILfo2G4heRH/Ghb5e/sg1h7mNBtJQwbM4Fch6/scT97ijY2uyeK3T5T root@ubuntu-xenial
-----END SSH HOST KEY KEYS-----
[   89.852166] cloud-init[1647]: Cloud-init v. 18.3-9-g2e62cb8a-0ubuntu1~16.04.2 running 'modules:final' at Tue, 20 Nov 2018 21:18:19 +0000. Up 89.71 seconds.
[   89.852317] cloud-init[1647]: ci-info: no authorized ssh keys fingerprints found for user ubuntu.
[   89.852409] cloud-init[1647]: Cloud-init v. 18.3-9-g2e62cb8a-0ubuntu1~16.04.2 finished at Tue, 20 Nov 2018 21:18:19 +0000. Datasource DataSourceNoCloud [seed=/dev/sdb][dsmode=net].  Up 89.84 seconds
